// Jest Snapshot v1, https://goo.gl/fbAQLP

exports[`Navigation Snapshot 1`] = `
<body>
  <div>
    <svg
      height="50"
      id="emoji"
      style="margin-right: 0.5em; cursor: pointer;"
      viewBox="0 0 72 72"
      width="50"
      xmlns="http://www.w3.org/2000/svg"
    >
      <g
        id="color"
      />
      <g
        id="hair"
      />
      <g
        id="skin"
      />
      <g
        id="skin-shadow"
      />
      <g
        id="line"
      >
        <line
          fill="none"
          stroke="white"
          stroke-linecap="round"
          stroke-linejoin="round"
          stroke-miterlimit="10"
          stroke-width="2"
          x1="16"
          x2="56"
          y1="26"
          y2="26"
        />
        <line
          fill="none"
          stroke="white"
          stroke-linecap="round"
          stroke-linejoin="round"
          stroke-miterlimit="10"
          stroke-width="2"
          x1="16"
          x2="56"
          y1="36"
          y2="36"
        />
        <line
          fill="none"
          stroke="white"
          stroke-linecap="round"
          stroke-linejoin="round"
          stroke-miterlimit="10"
          stroke-width="2"
          x1="16"
          x2="56"
          y1="46"
          y2="46"
        />
      </g>
    </svg>
  </div>
</body>
`;
