// Jest Snapshot v1, https://goo.gl/fbAQLP

exports[`PropertyCoverImage Snapshot 1`] = `
<body>
  <div>
    <div
      class="sc-z7fmw0-0 fFBxcZ"
      style="background-size: cover;"
    />
  </div>
</body>
`;
