// Jest Snapshot v1, https://goo.gl/fbAQLP

exports[`MarketOverview Snapshot 1`] = `
<body>
  <div>
    <div
      style="max-width: 680px; margin-right: auto; margin-left: auto;"
    >
      <div
        class="ant-row"
        style="margin: 82px 0px;"
      >
        <div
          class="ant-col ant-col-24"
        >
          <div>
            <h2
              style="font-size: 36px; line-height: 48px; color: rgb(47, 128, 237);"
            >
              npm
            </h2>
            <div
              style="font-size: 18px; line-height: 24px; color: rgba(0, 0, 0, 0.85);"
            >
              Marketize the number of downloads of public npm packages.
            </div>
            <div
              style="font-size: 18px; line-height: 24px; color: rgba(0, 0, 0, 0.85);"
            >
              Authentication: 
              Your npm package
            </div>
            <div
              style="font-size: 18px; line-height: 24px; color: rgba(0, 0, 0, 0.85);"
            >
              Calculation: 
              Number of downloads
            </div>
          </div>
        </div>
      </div>
    </div>
  </div>
</body>
`;
