// Jest Snapshot v1, https://goo.gl/fbAQLP

exports[`WithdrawForm Snapshot 1`] = `
<body>
  <div>
    <div
      class="sc-1xz1jp7-0"
    >
      <p>
        Withdraw 
        Creators
         Reward
      </p>
      <div
        class="sc-1xz1jp7-1 iqapOK"
      >
        <div
          class="sc-1xz1jp7-2 ibjEnO"
        >
          1000
           DEV
        </div>
        <button
          class="ant-btn ant-btn-primary ant-btn-lg"
          type="button"
        >
          <span>
            Withdraw
          </span>
        </button>
      </div>
    </div>
  </div>
</body>
`;
