// Jest Snapshot v1, https://goo.gl/fbAQLP

exports[`WithdrawalForHolders Snapshot 1`] = `
<body>
  <div>
    <div
      class="sc-89297o-0 jMpWCU"
    >
      <div
        class="sc-1d8aayd-1 goPEkP"
        style="opacity: 1;"
      >
        <button
          class="ant-btn ant-btn-lg sc-1ho13tb-0 sc-1d8aayd-2 cxtCCH hgCIaY"
          type="button"
        >
          <span>
            Withdraw
          </span>
        </button>
      </div>
      <div
        class="ant-card ant-card-bordered sc-1lowp9k-0 HRQEn"
      >
        <div
          class="ant-card-head"
        >
          <div
            class="ant-card-head-wrapper"
          >
            <div
              class="ant-card-head-title"
            >
              Withdrawable Amount
            </div>
          </div>
        </div>
        <div
          class="ant-card-body"
        >
          <p>
            6000
             DEV
          </p>
        </div>
      </div>
      <div
        class="ant-card ant-card-bordered ant-card-small sc-1fcc07h-0 kSZqNu"
      >
        <div
          class="ant-card-head"
        >
          <div
            class="ant-card-head-wrapper"
          >
            <div
              class="ant-card-head-title"
            >
              Gas Fee (this is prediction value)
            </div>
          </div>
        </div>
        <div
          class="ant-card-body"
        >
          <p>
            0.000011
             ETH
            <span
              class="sc-1bsb5df-0 iFbLVr"
            >
               $0.00
            </span>
          </p>
        </div>
      </div>
    </div>
  </div>
</body>
`;
