// Jest Snapshot v1, https://goo.gl/fbAQLP

exports[`InvitationRequestForm Snapshot 1`] = `
<body>
  <div>
    <div
      class="dhltmz-0 fGzGQU"
    >
      <form
        class="ant-form ant-form-horizontal"
        id="basic"
      >
        <div
          class="dhltmz-1 bgYbRA"
        >
          <span>
            Associating Market:
          </span>
          <p>
            market
          </p>
        </div>
        <div
          class="dhltmz-1 bgYbRA"
        >
          <span>
            Your email:
          </span>
          <div
            class="ant-row ant-form-item"
          >
            <div
              class="ant-col ant-form-item-control"
            >
              <div
                class="ant-form-item-control-input"
              >
                <div
                  class="ant-form-item-control-input-content"
                >
                  <input
                    class="ant-input"
                    id="basic_email"
                    placeholder="email"
                    type="text"
                    value=""
                  />
                </div>
              </div>
            </div>
          </div>
        </div>
        <div
          class="dhltmz-1 bgYbRA"
        >
          <span>
            Your name:
          </span>
          <div
            class="ant-row ant-form-item"
          >
            <div
              class="ant-col ant-form-item-control"
            >
              <div
                class="ant-form-item-control-input"
              >
                <div
                  class="ant-form-item-control-input-content"
                >
                  <input
                    class="ant-input"
                    id="basic_name"
                    placeholder="name"
                    type="text"
                    value=""
                  />
                </div>
              </div>
            </div>
          </div>
        </div>
        <div
          class="dhltmz-1 bgYbRA"
        >
          <span>
            Your project:
          </span>
          <div
            class="ant-row ant-form-item"
          >
            <div
              class="ant-col ant-form-item-control"
            >
              <div
                class="ant-form-item-control-input"
              >
                <div
                  class="ant-form-item-control-input-content"
                >
                  <input
                    class="ant-input"
                    id="basic_asset"
                    placeholder="project (e.g., your/awesome-repos)"
                    type="text"
                    value=""
                  />
                </div>
              </div>
            </div>
          </div>
        </div>
        <div
          class="dhltmz-1 bgYbRA"
        >
          <span>
            Project
            '
            s use case:
          </span>
          <div
            class="ant-row ant-form-item"
          >
            <div
              class="ant-col ant-form-item-control"
            >
              <div
                class="ant-form-item-control-input"
              >
                <div
                  class="ant-form-item-control-input-content"
                >
                  <textarea
                    class="ant-input"
                    id="basic_useCase"
                    placeholder="use case"
                  />
                </div>
              </div>
            </div>
          </div>
        </div>
        <div
          class="dhltmz-1 bgYbRA"
        >
          <span>
            Your role:
          </span>
          <div
            class="ant-row ant-form-item"
          >
            <div
              class="ant-col ant-form-item-control"
            >
              <div
                class="ant-form-item-control-input"
              >
                <div
                  class="ant-form-item-control-input-content"
                >
                  <input
                    class="ant-input"
                    id="basic_role"
                    placeholder="role"
                    type="text"
                    value=""
                  />
                </div>
              </div>
            </div>
          </div>
        </div>
        <div
          class="dhltmz-1 bgYbRA"
        >
          <span>
            Project website or social media:
          </span>
          <div
            class="ant-row ant-form-item"
          >
            <div
              class="ant-col ant-form-item-control"
            >
              <div
                class="ant-form-item-control-input"
              >
                <div
                  class="ant-form-item-control-input-content"
                >
                  <input
                    class="ant-input"
                    id="basic_url"
                    placeholder="url"
                    type="text"
                    value=""
                  />
                </div>
              </div>
            </div>
          </div>
        </div>
        <div
          class="dhltmz-1 bgYbRA"
        >
          <span>
            Your 
            <a
              href="https://discord.gg/WnQXqpQ"
            >
              Dev Protocol Discord
            </a>
             name:
          </span>
          <div
            class="ant-row ant-form-item"
          >
            <div
              class="ant-col ant-form-item-control"
            >
              <div
                class="ant-form-item-control-input"
              >
                <div
                  class="ant-form-item-control-input-content"
                >
                  <input
                    class="ant-input"
                    id="basic_discord"
                    placeholder="discord name"
                    type="text"
                    value=""
                  />
                </div>
              </div>
            </div>
          </div>
        </div>
        <div
          class="dhltmz-1 bgYbRA"
        >
          <span>
            Is there anything else to know?:
          </span>
          <div>
            <div
              class="ant-row ant-form-item"
            >
              <div
                class="ant-col ant-form-item-control"
              >
                <div
                  class="ant-form-item-control-input"
                >
                  <div
                    class="ant-form-item-control-input-content"
                  >
                    <input
                      class="ant-input"
                      id="basic_ask"
                      type="text"
                      value=""
                    />
                  </div>
                </div>
              </div>
            </div>
            <button
              class="ant-btn ant-btn-primary"
              type="submit"
            >
              <span>
                Submit
              </span>
            </button>
          </div>
        </div>
      </form>
    </div>
  </div>
</body>
`;
