// Jest Snapshot v1, https://goo.gl/fbAQLP

exports[`Max Snapshot 1`] = `
<body>
  <div>
    <button
      class="ant-btn ant-btn-primary ant-btn-sm sc-1allgzb-0 jyemkU"
      type="button"
    >
      <span>
        Max
      </span>
    </button>
  </div>
</body>
`;
