// Jest Snapshot v1, https://goo.gl/fbAQLP

exports[`Statistics Snapshot 1`] = `
<body>
  <div>
    <div
      class="t0mrgr-0 udlBJ"
    >
      <div
        class="ant-statistic"
      >
        <div
          class="ant-statistic-title"
        >
          Program duration
        </div>
        <div
          class="ant-statistic-content"
        >
          <span
            class="ant-statistic-content-value"
          >
            0 day(s) 00:00:00 left
          </span>
        </div>
      </div>
      <div
        class="ant-statistic"
      >
        <div
          class="ant-statistic-title"
        >
          Total deposits (USD)
        </div>
        <div
          class="ant-statistic-content"
        >
          <span
            class="ant-statistic-content-value"
          >
            1e-13
          </span>
        </div>
      </div>
      <div
        class="ant-statistic"
      >
        <div
          class="ant-statistic-title"
        >
          Total rewards (DEV)
        </div>
        <div
          class="ant-statistic-content"
        >
          <span
            class="ant-statistic-content-value"
          >
            1e-13
          </span>
        </div>
      </div>
    </div>
  </div>
</body>
`;
