// Jest Snapshot v1, https://goo.gl/fbAQLP

exports[`TransactionForm Snapshot 1`] = `
<body>
  <div>
    <div>
      <div
        style="margin: 0px 0px 46px 0px;"
      >
        <div
          class="ant-card ant-card-bordered"
        >
          <div
            class="ant-card-body"
          >
            <div
              class="ant-row"
            >
              <div
                style="font-size: 24px; line-height: 32px; color: rgb(0, 0, 0); padding: 0px 0px 32px 0px;"
              >
                Stake Now
              </div>
            </div>
            <div
              class="ant-row"
            >
              <span
                class="ant-input-search ant-input-search-enter-button ant-input-search-large ant-input-group-wrapper ant-input-group-wrapper-lg"
                style="max-width: 578px;"
              >
                <span
                  class="ant-input-wrapper ant-input-group"
                >
                  <span
                    class="ant-input-search ant-input-search-enter-button ant-input-search-large ant-input-affix-wrapper ant-input-affix-wrapper-lg"
                  >
                    <input
                      class="ant-input ant-input-lg"
                      type="number"
                      value=""
                    />
                    <span
                      class="ant-input-suffix"
                    >
                      DEV
                    </span>
                  </span>
                  <span
                    class="ant-input-group-addon"
                  >
                    <button
                      class="ant-btn ant-input-search-button ant-btn-primary ant-btn-lg"
                      type="button"
                    >
                      <span>
                        Stake
                      </span>
                    </button>
                  </span>
                </span>
              </span>
            </div>
          </div>
        </div>
      </div>
      <div
        style="margin: 0px 0px 46px 0px;"
      >
        <div
          class="ant-card ant-card-bordered"
        >
          <div
            class="ant-card-body"
          >
            <div
              class="ant-row"
            >
              <div
                class="ant-col ant-col-12"
              >
                <div
                  style="font-size: 24px; line-height: 32px; color: rgb(0, 0, 0); padding: 0px 0px 32px 0px;"
                >
                  Withdraw 
                  Staking
                   Reward
                </div>
              </div>
              <div
                class="ant-col ant-col-12"
              >
                <div
                  class="ant-space ant-space-horizontal"
                  style="vertical-align: middle; font-size: 18px; line-height: 24px; padding: 0px 0px 32px 0px;"
                >
                  <div
                    class="ant-space-item"
                    style="margin-right: 31px;"
                  >
                    <div
                      style="color: rgb(0, 0, 0);"
                    >
                      Last Update: 
                      42141412412
                    </div>
                  </div>
                  <div
                    class="ant-space-item"
                  >
                    <a
                      href="#"
                      style="text-decoration: underline;"
                      target="_blank"
                    >
                      Mining now
                    </a>
                  </div>
                </div>
              </div>
            </div>
            <div
              class="ant-row"
            >
              <div
                class="ant-col ant-col-12"
              >
                <div
                  style="font-size: 24px; line-height: 32px; color: rgba(0, 0, 0, 0.85);"
                >
                  5000
                   DEV
                </div>
              </div>
              <div
                class="ant-col ant-col-12"
              >
                <button
                  class="ant-btn ant-btn-primary ant-btn-lg"
                  type="button"
                >
                  <span>
                    Withdraw
                  </span>
                </button>
              </div>
            </div>
          </div>
        </div>
      </div>
      <div
        style="margin: 0px 0px 46px 0px;"
      >
        <div
          class="ant-card ant-card-bordered"
        >
          <div
            class="ant-card-body"
          >
            <div
              class="ant-row"
            >
              <div
                class="ant-col ant-col-12"
              >
                <div
                  style="font-size: 24px; line-height: 32px; color: rgb(0, 0, 0); padding: 0px 0px 32px 0px;"
                >
                  Withdraw 
                  Holder
                   Reward
                </div>
              </div>
              <div
                class="ant-col ant-col-12"
              >
                <div
                  class="ant-space ant-space-horizontal"
                  style="vertical-align: middle; font-size: 18px; line-height: 24px; padding: 0px 0px 32px 0px;"
                >
                  <div
                    class="ant-space-item"
                    style="margin-right: 31px;"
                  >
                    <div
                      style="color: rgb(0, 0, 0);"
                    >
                      Last Update: 
                      42141412412
                    </div>
                  </div>
                  <div
                    class="ant-space-item"
                  >
                    <a
                      href="#"
                      style="text-decoration: underline;"
                      target="_blank"
                    >
                      Mining now
                    </a>
                  </div>
                </div>
              </div>
            </div>
            <div
              class="ant-row"
            >
              <div
                class="ant-col ant-col-12"
              >
                <div
                  style="font-size: 24px; line-height: 32px; color: rgba(0, 0, 0, 0.85);"
                >
                  6000
                   DEV
                </div>
              </div>
              <div
                class="ant-col ant-col-12"
              >
                <button
                  class="ant-btn ant-btn-primary ant-btn-lg"
                  type="button"
                >
                  <span>
                    Withdraw
                  </span>
                </button>
              </div>
            </div>
          </div>
        </div>
      </div>
      <div
        style="margin: 0px 0px 46px 0px;"
      >
        <div
          class="ant-card ant-card-bordered"
        >
          <div
            class="ant-card-body"
          >
            <div
              class="ant-row"
            >
              <div
                class="ant-col ant-col-12"
                style="display: flex; align-items: center;"
              >
                <div
                  style="font-size: 24px; line-height: 32px; color: rgb(0, 0, 0);"
                >
                  Cancel Staking
                </div>
              </div>
              <div
                class="ant-col ant-col-12"
              >
                <button
                  class="ant-btn ant-btn-primary ant-btn-lg"
                  type="button"
                >
                  <span>
                    Cancel
                  </span>
                </button>
              </div>
            </div>
          </div>
        </div>
      </div>
    </div>
  </div>
</body>
`;
