// Jest Snapshot v1, https://goo.gl/fbAQLP

exports[`AssetOutline Snapshot 1`] = `
<body>
  <div>
    <div>
      <div
        style="width: 224px; height: 224px; border-radius: 50%; background-color: rgb(47, 128, 237); background-clip: padding-box; border: -2747.89872px solid rgba(47, 128, 237, 0.2);"
      />
    </div>
  </div>
</body>
`;
