// Jest Snapshot v1, https://goo.gl/fbAQLP

exports[`PropertyHeader Snapshot 1`] = `
<body>
  <div>
    <div
      class="sc-AxjAm czRilP"
    >
      <span
        class="heading"
      >
        Property Address
      </span>
      <div
        class="address"
      >
        propertyAddress
      </div>
    </div>
  </div>
</body>
`;
