// Jest Snapshot v1, https://goo.gl/fbAQLP

exports[`PossessionOutline Snapshot 1`] = `
<body>
  <div>
    <div
      class="zlzook-0 bruRoN"
    >
      <div
        class="ant-card ant-card-bordered"
      >
        <div
          class="ant-card-body"
        >
          <div
            class="ant-statistic"
          >
            <div
              class="ant-statistic-title"
            >
              Total Staking Amount
            </div>
            <div
              class="ant-statistic-content"
            >
              <span
                class="ant-statistic-content-value"
              >
                <span
                  class="ant-statistic-content-value-int"
                >
                  
                  10,000
                </span>
                <span
                  class="ant-statistic-content-value-decimal"
                >
                  .00
                </span>
              </span>
            </div>
          </div>
        </div>
      </div>
      <div
        class="ant-card ant-card-bordered"
      >
        <div
          class="ant-card-body"
        >
          <div
            class="ant-statistic"
          >
            <div
              class="ant-statistic-title"
            >
              Total Rewards
            </div>
            <div
              class="ant-statistic-content"
            >
              <span
                class="ant-statistic-content-value"
              >
                <span
                  class="ant-statistic-content-value-int"
                >
                  
                  10,000
                </span>
                <span
                  class="ant-statistic-content-value-decimal"
                >
                  .00
                </span>
              </span>
            </div>
          </div>
        </div>
      </div>
      <div
        class="ant-card ant-card-bordered"
      >
        <div
          class="ant-card-body"
        >
          <div
            class="ant-statistic"
          >
            <div
              class="ant-statistic-title"
            >
              Your Staking Share
            </div>
            <div
              class="ant-statistic-content"
            >
              <span
                class="ant-statistic-content-value"
              >
                <span
                  class="ant-statistic-content-value-int"
                >
                  
                  50
                </span>
                <span
                  class="ant-statistic-content-value-decimal"
                >
                  .00
                </span>
              </span>
              <span
                class="ant-statistic-content-suffix"
              >
                %
              </span>
            </div>
          </div>
        </div>
      </div>
      <div
        class="ant-card ant-card-bordered"
      >
        <div
          class="ant-card-body"
        >
          <div
            class="ant-statistic"
          >
            <div
              class="ant-statistic-title"
            >
              Your Staking Amount
            </div>
            <div
              class="ant-statistic-content"
            >
              <span
                class="ant-statistic-content-value"
              >
                <span
                  class="ant-statistic-content-value-int"
                >
                  
                  5,000
                </span>
                <span
                  class="ant-statistic-content-value-decimal"
                >
                  .00
                </span>
              </span>
            </div>
          </div>
        </div>
      </div>
      <div
        class="ant-card ant-card-bordered"
      >
        <div
          class="ant-card-body"
        >
          <div
            class="ant-statistic"
          >
            <div
              class="ant-statistic-title"
            >
              Your Rewards
            </div>
            <div
              class="ant-statistic-content"
            >
              <span
                class="ant-statistic-content-value"
              >
                <span
                  class="ant-statistic-content-value-int"
                >
                  
                  5,000
                </span>
                <span
                  class="ant-statistic-content-value-decimal"
                >
                  .00
                </span>
              </span>
            </div>
          </div>
        </div>
      </div>
    </div>
  </div>
</body>
`;
