// Jest Snapshot v1, https://goo.gl/fbAQLP

exports[`Footer Snapshot 1`] = `
<body>
  <div>
    <footer
      class="sc-1fvy930-0 emSpzv"
    >
      <div
        class="sc-1wzqvkc-0 bqVTXQ"
      >
        <div
          style="text-align: left;"
        >
          <a
            class="sc-38x7tx-0 itjGxp"
            href="/"
          >
            <svg
              fill="none"
              id="headerlogo"
              viewBox="0 0 223 35"
              width="170px"
            >
              <path
                d="M65.848 25.74c1.092.924 3.052 1.652 5.852 1.652 4.76 0 7.42-2.1 7.42-5.712 0-3.416-2.856-4.76-6.132-5.488-2.24-.504-3.864-.728-3.864-2.296 0-1.316 1.176-2.128 3.136-2.128 1.932 0 3.752.952 4.816 2.212.084.084 1.624-.868 1.624-2.156 0-.672-.392-1.4-1.26-1.988-1.036-.756-2.772-1.344-5.208-1.344-4.368 0-7.056 2.212-7.056 5.572 0 3.724 2.968 4.788 5.852 5.432 2.128.476 3.948.812 3.948 2.436 0 1.4-1.148 2.184-3.304 2.184-2.212 0-4.284-1.148-5.376-2.436-.14-.14-1.568.896-1.568 2.044 0 .672.336 1.4 1.12 2.016zm20.877 1.652c1.316 0 2.324-.392 2.94-1.008.448-.42.672-.924.672-1.512 0-1.036-.84-1.596-.98-1.54-.364.532-.924.924-1.708.924-1.092 0-1.512-.672-1.512-2.016v-5.824h2.408c1.12 0 1.624-.504 1.624-1.456v-.252c0-.896-.476-1.372-1.596-1.372h-2.38V11.6c0-1.456-.7-1.904-1.736-1.904h-.364c-1.12 0-1.764.616-1.764 1.904v1.736H81.6c-1.092 0-1.596.532-1.596 1.456v.224c0 .896.504 1.4 1.624 1.4h.7v6.272c0 3.108 1.4 4.704 4.396 4.704zm4.883-4.004c0 2.352 1.736 3.92 4.592 3.92 2.044 0 3.78-.868 4.732-2.352.056.364.14.672.224.924.364.924 1.12 1.316 2.072 1.316.756 0 1.484-.252 1.484-.448v-8.064c0-3.668-2.1-5.656-6.44-5.656-2.632 0-4.396.644-5.32 1.596-.56.532-.84 1.176-.84 1.792 0 1.82 2.52 1.624 2.548 1.568.476-1.036 1.484-1.988 3.36-1.988 1.736 0 2.716.868 2.772 2.464.028.112.028.252.028.392h-.448c-5.796.084-8.764 1.484-8.764 4.536zm9.212-1.568c-.028 1.736-1.428 2.94-3.388 2.94-1.316 0-2.128-.644-2.128-1.68 0-1.54 1.652-2.128 4.76-2.24h.756v.98zm6.719 3.416c0 1.456.756 1.876 1.792 1.876h.42c1.008 0 1.736-.448 1.736-1.876v-4.368l4.284 5.04c.672.952 1.456 1.26 2.212 1.26 1.26 0 2.268-1.12 2.184-1.344l-4.984-5.964 4.396-5.348c.112-.196-.84-1.344-2.1-1.344-.7 0-1.54.336-2.184 1.26l-3.808 4.704v-8.428c0-2.548-1.288-3.164-2.436-3.164-.812 0-1.512.336-1.512.448v17.248zm13.628-4.956c0 4.34 2.912 7.112 7.364 7.112 1.904 0 3.36-.42 4.368-1.036.98-.588 1.512-1.372 1.512-2.128 0-1.568-1.904-1.736-1.932-1.68-.616 1.092-1.792 1.988-3.836 1.988-2.016 0-3.5-1.148-3.92-2.94l-.084-.448h9.464c.728 0 .924-.364.952-1.036v-.252c0-4.004-2.744-6.832-6.804-6.832-4.116 0-7.084 3.08-7.084 7.252zm10.248-1.288h-6.72c.252-1.904 1.652-3.248 3.528-3.248 1.876 0 3.08 1.26 3.192 3.248zm6.154 7.28c.98.616 2.548 1.036 4.704 1.036 3.836 0 6.02-1.652 6.02-4.396 0-3.08-3.08-3.696-5.012-4.116-1.848-.42-2.912-.616-2.912-1.596 0-.868.812-1.428 2.324-1.428 1.596 0 3.08.784 4.004 1.848.056.084 1.26-.616 1.26-1.652a2.02 2.02 0 00-.336-1.12c-.7-1.064-2.408-1.82-5.18-1.82-3.528 0-5.684 1.764-5.684 4.424 0 3.08 2.912 3.696 4.788 4.088 1.82.392 2.912.588 2.912 1.652 0 .868-.84 1.4-2.38 1.4-2.016 0-3.584-.812-4.508-1.848-.112-.084-1.204.56-1.204 1.568 0 .756.42 1.428 1.204 1.96zm13.121-.112c0 .616.364.98.98.98h.196c.644 0 1.008-.364 1.008-.98v-.196c0-.644-.336-1.008-1.008-1.008h-.196c-.616 0-.98.364-.98 1.008v.196zm5.359-.252c.868.756 2.38 1.4 4.564 1.4 3.276 0 5.32-1.624 5.32-4.06 0-2.744-2.632-3.332-4.816-3.808-2.212-.504-3.612-.84-3.612-2.296 0-1.288 1.176-2.212 3.22-2.212 1.792 0 3.248.868 3.976 1.988.056.056.868-.308.868-1.008 0-.336-.196-.756-.504-1.064-.756-.812-2.212-1.512-4.368-1.512-3.08 0-5.068 1.652-5.068 4.032 0 2.716 2.576 3.304 4.62 3.724 2.268.504 3.724.812 3.724 2.38 0 1.316-1.232 2.212-3.332 2.212-2.184 0-3.696-.896-4.536-2.1-.084-.028-.868.28-.868.98 0 .42.252.868.812 1.344zm11.825-5.6c0 4.06 2.772 7 6.776 7 3.976 0 6.776-2.912 6.776-6.944 0-4.088-2.8-7.028-6.748-7.028-4.004 0-6.804 2.912-6.804 6.972zm11.592.056c0 3.052-2.016 5.236-4.788 5.236-2.8 0-4.844-2.212-4.844-5.292 0-3.08 2.044-5.264 4.844-5.264 2.8 0 4.788 2.24 4.788 5.32zm3.884-.084c0 4.088 2.8 7.028 6.72 7.028 2.128 0 3.612-.728 4.48-1.652.756-.728 1.092-1.512 1.092-1.96 0-.952-1.232-1.092-1.288-.98-.588 1.54-1.82 2.856-4.228 2.856-2.828 0-4.788-2.212-4.788-5.292 0-3.024 1.988-5.208 4.788-5.208 2.436 0 3.64 1.316 4.228 2.856.084.112 1.288-.056 1.288-.952 0-.504-.336-1.316-1.092-2.016-.896-.868-2.352-1.624-4.452-1.624-3.948 0-6.748 2.94-6.748 6.944zm14.838-10.836c0 .812.476 1.26 1.26 1.26.812 0 1.316-.448 1.316-1.26 0-.84-.476-1.288-1.288-1.288s-1.288.448-1.288 1.288zm.252 16.688c0 .728.364.952.896.952h.224c.532 0 .896-.224.896-.952v-11.62c0-.756-.364-.98-.896-.98h-.224c-.532 0-.896.252-.896.98v11.62zm4.899-2.576c0 2.268 1.736 3.724 4.536 3.724 2.24 0 4.06-1.064 4.956-2.688 0 .42.028.84.056 1.232.112 1.008.588 1.288 1.176 1.288.364 0 .728-.14.728-.224v-8.26c0-3.304-1.932-5.292-5.488-5.292-2.212 0-3.752.756-4.62 1.596-.532.504-.812 1.092-.812 1.484 0 1.008 1.176 1.064 1.232 1.036.672-1.344 1.96-2.38 4.088-2.38 2.296 0 3.612 1.26 3.612 3.528v.56h-.308c-6.3.084-9.156 1.372-9.156 4.396zm9.464-1.792c0 2.268-1.96 4.004-4.536 4.004-1.792 0-2.912-.868-2.912-2.268 0-2.044 2.1-2.884 6.972-2.996l.476-.028v1.288zm6.494 5.32h.224c.532 0 .896-.224.896-.952V9.696c0-1.456-.644-1.792-1.288-1.792-.392 0-.728.14-.728.224v18.004c0 .728.364.952.896.952z"
                fill="#000"
              />
              <path
                d="M4 31C14.864 15.205 26 4 37.136 4 42.568 4 48 8.387 48 15.205 48 22.023 36.598 31 26 31S4 22.569 4 15.205C4 7.841 9.432 4 14.864 4 26 4 37.136 15.205 48 31"
                stroke="#000"
                stroke-linecap="round"
                stroke-width="7"
              />
            </svg>
          </a>
        </div>
        <p
          style="margin-top: 30px;"
        >
          <span>
              Stakes.social is powered by the 
          </span>
          <a
            href="//devprtcl.com"
            rel="noreferrer noopener"
            style="text-decoration: underline;"
            target="_blank"
          >
            Dev Protocol
          </a>
          <span>
            , see the 
          </span>
          <a
            href="//github.com/dev-protocol/protocol/blob/main/docs/WHITEPAPER.md"
            rel="noreferrer noopener"
            style="text-decoration: underline;"
            target="_blank"
          >
            whitepaper
          </a>
          <span>
             on 
          </span>
          <a
            href="//github.com/dev-protocol/protocol"
            rel="noreferrer noopener"
            style="text-decoration: underline;"
            target="_blank"
          >
            GitHub
          </a>
          .
        </p>
        <div
          class="sc-1fvy930-1 RFsvn"
        >
          <div
            style="text-align: center; margin-bottom: 15px;"
          >
            Enjoy following the Dev Protocol community on
          </div>
          <a
            class="sc-3pzwbd-0 lbDtNj"
            href="//discord.gg/VwJp4KM"
          >
            <svg
              fill="none"
              height="39"
              viewBox="0 0 35 39"
              width="35"
              xmlns="http://www.w3.org/2000/svg"
            >
              <path
                d="M4.085 34.4246H26.6617L25.5835 30.9333C25.7434 31.0727 34.8333 38.8643 34.8333 38.8643V4.78301C34.7257 2.66451 32.9017 0.864258 30.6407 0.864258L4.09292 0.869008C1.8335 0.869008 0 2.67242 0 4.79092V30.5043C0 32.7383 1.83033 34.4246 4.085 34.4246ZM20.786 9.86234L20.7337 9.88134L20.7527 9.86234H20.786ZM8.70358 11.8716C11.6058 9.75942 14.2959 9.86076 14.2959 9.86076L14.5128 10.0745C10.9614 10.9216 9.35117 12.5081 9.35117 12.5081C9.51583 12.4733 16.6867 8.33601 25.3761 12.6126C25.3761 12.6126 23.7627 11.129 20.4297 10.179L20.7242 9.88926C21.185 9.89084 23.6233 9.97634 26.2327 11.8843C26.2327 11.8843 29.1523 16.8718 29.1523 22.9993C29.0557 22.8821 27.341 25.6371 22.9282 25.7321C22.9282 25.7321 22.1809 24.8866 21.6489 24.1488C24.2297 23.4078 25.1956 21.9258 25.1956 21.9258C20.1717 25.0893 15.7684 24.5953 10.5007 22.4578C10.4516 22.4578 10.4294 22.4356 10.4041 22.4103V22.4008C10.3787 22.377 10.3566 22.3533 10.3075 22.3533H10.2125C9.8895 22.1411 9.67417 22.0366 9.67417 22.0366C9.67417 22.0366 10.6384 23.5186 13.1163 24.2596C12.4656 25.0022 11.8212 25.8461 11.8212 25.8461C7.41 25.7416 5.80133 22.9866 5.80133 22.9866C5.80133 16.8496 8.70358 11.8716 8.70358 11.8716Z"
                fill="#5C6BC0"
              />
              <path
                d="M21.0698 21.085C22.1956 21.085 23.1123 20.135 23.1123 18.9634C23.1123 17.7996 22.2003 16.8496 21.0698 16.8496V16.8544C19.9488 16.8544 19.0305 17.8012 19.0273 18.9729C19.0273 20.135 19.9441 21.085 21.0698 21.085Z"
                fill="#5C6BC0"
              />
              <path
                d="M13.7573 21.085C14.8831 21.085 15.7998 20.135 15.7998 18.9634C15.7998 17.7996 14.8894 16.8496 13.7637 16.8496L13.7573 16.8544C12.6316 16.8544 11.7148 17.8012 11.7148 18.9729C11.7148 20.135 12.6316 21.085 13.7573 21.085Z"
                fill="#5C6BC0"
              />
            </svg>
            <span>
              Discord 
            </span>
          </a>
          <a
            class="sc-3pzwbd-0 lbDtNj"
          >
            <svg
              fill="none"
              height="38"
              viewBox="0 0 35 38"
              width="35"
              xmlns="http://www.w3.org/2000/svg"
            >
              <rect
                fill="#039BE5"
                height="22"
                width="27"
                x="3"
                y="5"
              />
              <path
                d="M4.085 33.5603H26.6617L25.5835 30.0691C25.7434 30.2084 34.8333 38 34.8333 38V3.91875C34.7257 1.80025 32.9017 0 30.6407 0L4.09292 0.00475C1.8335 0.00475 0 1.80817 0 3.92667V29.64C0 31.8741 1.83033 33.5603 4.085 33.5603V33.5603ZM20.786 8.99808L20.7337 9.01708L20.7527 8.99808H20.786ZM8.70358 11.0073C11.6058 8.89517 14.2959 8.9965 14.2959 8.9965L14.5128 9.21025C10.9614 10.0573 9.35117 11.6438 9.35117 11.6438C9.51583 11.609 16.6867 7.47175 25.3761 11.7483C25.3761 11.7483 23.7627 10.2647 20.4297 9.31475L20.7242 9.025C21.185 9.02658 23.6233 9.11208 26.2327 11.02C26.2327 11.02 29.1523 16.0075 29.1523 22.135C29.0557 22.0178 27.341 24.7728 22.9282 24.8678C22.9282 24.8678 22.1809 24.0223 21.6489 23.2845C24.2297 22.5435 25.1956 21.0615 25.1956 21.0615C20.1717 24.225 15.7684 23.731 10.5007 21.5935C10.4516 21.5935 10.4294 21.5713 10.4041 21.546V21.5365C10.3787 21.5127 10.3566 21.489 10.3075 21.489H10.2125C9.8895 21.2768 9.67417 21.1723 9.67417 21.1723C9.67417 21.1723 10.6384 22.6543 13.1163 23.3953C12.4656 24.1379 11.8212 24.9818 11.8212 24.9818C7.41 24.8773 5.80133 22.1223 5.80133 22.1223C5.80133 15.9853 8.70358 11.0073 8.70358 11.0073V11.0073Z"
                fill="#039BE5"
              />
              <path
                d="M21.0698 20.2208C22.1956 20.2208 23.1123 19.2708 23.1123 18.0991C23.1123 16.9354 22.2003 15.9854 21.0698 15.9854V15.9901C19.9488 15.9901 19.0305 16.9369 19.0273 18.1086C19.0273 19.2708 19.9441 20.2208 21.0698 20.2208Z"
                fill="#039BE5"
              />
              <path
                d="M13.7573 20.2208C14.8831 20.2208 15.7998 19.2708 15.7998 18.0991C15.7998 16.9354 14.8894 15.9854 13.7637 15.9854L13.7573 15.9901C12.6316 15.9901 11.7148 16.9369 11.7148 18.1086C11.7148 19.2708 12.6316 20.2208 13.7573 20.2208V20.2208Z"
                fill="#039BE5"
              />
              <path
                d="M6.07094 15.8439L26.4682 8.09484C27.4149 7.75785 28.2417 8.3224 27.935 9.7329L27.9367 9.73116L24.4637 25.8529C24.2063 26.9959 23.517 27.2738 22.5527 26.7353L17.2639 22.8947L14.7129 25.3162C14.4308 25.5941 14.1928 25.8286 13.6463 25.8286L14.0218 20.5253L23.8238 11.8C24.2504 11.43 23.7286 11.2216 23.1662 11.5898L11.053 19.1044L5.83118 17.4993C4.69761 17.145 4.67293 16.3824 6.07094 15.8439Z"
                fill="white"
              />
            </svg>
            <span>
              Telegram 
            </span>
          </a>
          <a
            class="sc-3pzwbd-0 lbDtNj"
            href="//medium.com/devtoken"
          >
            <svg
              fill="none"
              height="38"
              viewBox="0 0 35 38"
              width="35"
              xmlns="http://www.w3.org/2000/svg"
            >
              <rect
                fill="#31193B"
                height="22"
                width="27"
                x="3"
                y="5"
              />
              <path
                d="M4.085 33.5603H26.6617L25.5835 30.0691C25.7434 30.2084 34.8333 38 34.8333 38V3.91875C34.7257 1.80025 32.9017 0 30.6407 0L4.09292 0.00475C1.8335 0.00475 0 1.80817 0 3.92667V29.64C0 31.8741 1.83033 33.5603 4.085 33.5603V33.5603ZM20.786 8.99808L20.7337 9.01708L20.7527 8.99808H20.786ZM8.70358 11.0073C11.6058 8.89517 14.2959 8.9965 14.2959 8.9965L14.5128 9.21025C10.9614 10.0573 9.35117 11.6438 9.35117 11.6438C9.51583 11.609 16.6867 7.47175 25.3761 11.7483C25.3761 11.7483 23.7627 10.2647 20.4297 9.31475L20.7242 9.025C21.185 9.02658 23.6233 9.11208 26.2327 11.02C26.2327 11.02 29.1523 16.0075 29.1523 22.135C29.0557 22.0178 27.341 24.7728 22.9282 24.8678C22.9282 24.8678 22.1809 24.0223 21.6489 23.2845C24.2297 22.5435 25.1956 21.0615 25.1956 21.0615C20.1717 24.225 15.7684 23.731 10.5007 21.5935C10.4516 21.5935 10.4294 21.5713 10.4041 21.546V21.5365C10.3787 21.5127 10.3566 21.489 10.3075 21.489H10.2125C9.8895 21.2768 9.67417 21.1723 9.67417 21.1723C9.67417 21.1723 10.6384 22.6543 13.1163 23.3953C12.4656 24.1379 11.8212 24.9818 11.8212 24.9818C7.41 24.8773 5.80133 22.1223 5.80133 22.1223C5.80133 15.9853 8.70358 11.0073 8.70358 11.0073V11.0073Z"
                fill="#31193B"
              />
              <path
                d="M21.0698 20.2208C22.1956 20.2208 23.1123 19.2708 23.1123 18.0991C23.1123 16.9354 22.2003 15.9854 21.0698 15.9854V15.9901C19.9488 15.9901 19.0305 16.9369 19.0273 18.1086C19.0273 19.2708 19.9441 20.2208 21.0698 20.2208Z"
                fill="#31193B"
              />
              <path
                d="M13.7573 20.2208C14.8831 20.2208 15.7998 19.2708 15.7998 18.0991C15.7998 16.9354 14.8894 15.9854 13.7637 15.9854L13.7573 15.9901C12.6316 15.9901 11.7148 16.9369 11.7148 18.1086C11.7148 19.2708 12.6316 20.2208 13.7573 20.2208V20.2208Z"
                fill="#31193B"
              />
              <path
                d="M26.2446 9.11547L28 7.37989V7H21.9188L17.5848 18.1486L12.6541 7H6.27775V7.37989L8.32833 9.93116C8.52817 10.1197 8.63267 10.3954 8.60608 10.6729V20.6989C8.66933 21.0599 8.55567 21.4313 8.31 21.6937L6 24.5869V24.9621H12.5496V24.5822L10.2396 21.6937C9.98933 21.4303 9.87108 21.0656 9.9215 20.6989V12.0267L15.6708 24.9668H16.3391L21.2827 12.0267V22.3351C21.2827 22.6069 21.2827 22.6628 21.1103 22.8409L19.332 24.6192V25H27.9597V24.6201L26.2455 22.8855C26.0952 22.768 26.0173 22.5709 26.0493 22.3796V9.62137C26.0173 9.42905 26.0942 9.232 26.2446 9.11547Z"
                fill="white"
              />
            </svg>
            <span>
              Medium 
            </span>
          </a>
          <a
            class="sc-3pzwbd-0 lbDtNj"
            href="//spectrum.chat/devtoken"
          >
            <svg
              fill="none"
              height="38"
              viewBox="0 0 35 38"
              width="35"
              xmlns="http://www.w3.org/2000/svg"
            >
              <rect
                fill="#000C18"
                height="22"
                width="27"
                x="3"
                y="5"
              />
              <path
                d="M4.085 33.5603H26.6617L25.5835 30.0691C25.7434 30.2084 34.8333 38 34.8333 38V3.91875C34.7257 1.80025 32.9017 0 30.6407 0L4.09292 0.00475C1.8335 0.00475 0 1.80817 0 3.92667V29.64C0 31.8741 1.83033 33.5603 4.085 33.5603ZM20.786 8.99808L20.7337 9.01708L20.7527 8.99808H20.786ZM8.70358 11.0073C11.6058 8.89517 14.2959 8.9965 14.2959 8.9965L14.5128 9.21025C10.9614 10.0573 9.35117 11.6438 9.35117 11.6438C9.51583 11.609 16.6867 7.47175 25.3761 11.7483C25.3761 11.7483 23.7627 10.2647 20.4297 9.31475L20.7242 9.025C21.185 9.02658 23.6233 9.11208 26.2327 11.02C26.2327 11.02 29.1523 16.0075 29.1523 22.135C29.0557 22.0178 27.341 24.7728 22.9282 24.8678C22.9282 24.8678 22.1809 24.0223 21.6489 23.2845C24.2297 22.5435 25.1956 21.0615 25.1956 21.0615C20.1717 24.225 15.7684 23.731 10.5007 21.5935C10.4516 21.5935 10.4294 21.5713 10.4041 21.546V21.5365C10.3787 21.5127 10.3566 21.489 10.3075 21.489H10.2125C9.8895 21.2768 9.67417 21.1723 9.67417 21.1723C9.67417 21.1723 10.6384 22.6543 13.1163 23.3953C12.4656 24.1379 11.8212 24.9818 11.8212 24.9818C7.41 24.8773 5.80133 22.1223 5.80133 22.1223C5.80133 15.9853 8.70358 11.0073 8.70358 11.0073Z"
                fill="#000C18"
              />
              <path
                d="M21.0698 20.2208C22.1956 20.2208 23.1123 19.2708 23.1123 18.0991C23.1123 16.9354 22.2003 15.9854 21.0698 15.9854V15.9901C19.9488 15.9901 19.0305 16.9369 19.0273 18.1086C19.0273 19.2708 19.9441 20.2208 21.0698 20.2208Z"
                fill="#000C18"
              />
              <path
                d="M13.7573 20.2208C14.8831 20.2208 15.7998 19.2708 15.7998 18.0991C15.7998 16.9354 14.8894 15.9854 13.7637 15.9854L13.7573 15.9901C12.6316 15.9901 11.7148 16.9369 11.7148 18.1086C11.7148 19.2708 12.6316 20.2208 13.7573 20.2208Z"
                fill="#000C18"
              />
              <rect
                fill="url(#pattern0)"
                height="14"
                width="32"
                x="2"
                y="9"
              />
              <defs>
                <pattern
                  height="1"
                  id="pattern0"
                  patternContentUnits="objectBoundingBox"
                  width="1"
                >
                  <use
                    transform="translate(-0.075 -0.852941) scale(0.002875 0.00676471)"
                    xlink:href="#image0"
                  />
                </pattern>
                <image
                  height="400"
                  id="image0"
                  width="400"
                  xlink:href="data:image/jpeg;base64,/9j/4AAQSkZJRgABAQAAAQABAAD/4gKgSUNDX1BST0ZJTEUAAQEAAAKQbGNtcwQwAABtbnRyUkdCIFhZWiAH4gAEAAsADgACAANhY3NwQVBQTAAAAAAAAAAAAAAAAAAAAAAAAAAAAAAAAAAA9tYAAQAAAADTLWxjbXMAAAAAAAAAAAAAAAAAAAAAAAAAAAAAAAAAAAAAAAAAAAAAAAAAAAAAAAAAAAAAAAtkZXNjAAABCAAAADhjcHJ0AAABQAAAAE53dHB0AAABkAAAABRjaGFkAAABpAAAACxyWFlaAAAB0AAAABRiWFlaAAAB5AAAABRnWFlaAAAB+AAAABRyVFJDAAACDAAAACBnVFJDAAACLAAAACBiVFJDAAACTAAAACBjaHJtAAACbAAAACRtbHVjAAAAAAAAAAEAAAAMZW5VUwAAABwAAAAcAHMAUgBHAEIAIABiAHUAaQBsAHQALQBpAG4AAG1sdWMAAAAAAAAAAQAAAAxlblVTAAAAMgAAABwATgBvACAAYwBvAHAAeQByAGkAZwBoAHQALAAgAHUAcwBlACAAZgByAGUAZQBsAHkAAAAAWFlaIAAAAAAAAPbWAAEAAAAA0y1zZjMyAAAAAAABDEoAAAXj///zKgAAB5sAAP2H///7ov///aMAAAPYAADAlFhZWiAAAAAAAABvlAAAOO4AAAOQWFlaIAAAAAAAACSdAAAPgwAAtr5YWVogAAAAAAAAYqUAALeQAAAY3nBhcmEAAAAAAAMAAAACZmYAAPKnAAANWQAAE9AAAApbcGFyYQAAAAAAAwAAAAJmZgAA8qcAAA1ZAAAT0AAACltwYXJhAAAAAAADAAAAAmZmAADypwAADVkAABPQAAAKW2Nocm0AAAAAAAMAAAAAo9cAAFR7AABMzQAAmZoAACZmAAAPXP/bAEMABQMEBAQDBQQEBAUFBQYHDAgHBwcHDwsLCQwRDxISEQ8RERMWHBcTFBoVEREYIRgaHR0fHx8TFyIkIh4kHB4fHv/bAEMBBQUFBwYHDggIDh4UERQeHh4eHh4eHh4eHh4eHh4eHh4eHh4eHh4eHh4eHh4eHh4eHh4eHh4eHh4eHh4eHh4eHv/CABEIAZABkAMBIgACEQEDEQH/xAAcAAEAAwEBAQEBAAAAAAAAAAAABgcIBQQDAgH/xAAaAQEBAQEBAQEAAAAAAAAAAAAAAgEDBQQG/9oADAMBAAIQAxAAAAGoB24gAAAAAAAAAAAAAAAAAAAAAAAAAAAAAAAAAAAAAAAAAAAAAAAAAAAAAAAAAAAAAAAAAAAAAAAAAAAAAAAAAAAAAAAAAAAAAAAAAAAAAAAAAAAAAAAAAAAAAAAAAAAAAAAAAAAAAAAAAAAAAAAAAAAAAAAAAAAAAAAAAAAAAAAAAAAAAAAAAAAAAAAAAAAAAAAAAAAAAAAAAAAAAAAAAAAAAAAAAAAAAAAAAAAAAAAAAAAAAAAAAAAAAAAAAAP71tGTWcPzq79zuPGk863PmG4AAAAAASfQk1lR6/JUgAAAAAAAAAAAAXBZVQ3ry6ZG9tzwa5uWmYZ4D3WZOunOwiHTmyG4/wDRP5vUxjrTqETsGhGv88bkTs6ZdXNhUDsKzTNWmqRu5tJ1VpWPbkD9d9QPEKjl+1pqoZtCdL7lM8a059m116pBxsQaS3HEWxqMSG2DIHzuGsO3DmibAAAA/dmc7ozU7l2R/vm63oW0/JOzfPOh86ag2hs86Dqf7N4RN4uFxfuQupuWGxDmY0VnXRWd2wX1eX69Ocq0rmjS/PplXU2YNRsoOt5rCrnVNaWTW0XUOmMz6ZqeFZFcWPF5siEuh/TnsTPWhc8xcB1lk3WW5XfD7nF9j85D43akG59+IPO9kAACwr/x9O4qd+D2fvKsCq+JBtzW0dkVTzX4tWuoxufCZ0F6KnT9eeTsTs7pT5QLc0X1s1Wi312jW0FzZLdOQbU3INqPJdokThXb4lTf0kzRaE19bdrOJ5vSu3I1s7kLh/Z41zsTPMmruKj+scnWVuSSP8mI/b5nv4x8/wBoR0AAAAAe3xfY19mnsV/NfEVIAAAAAAAAAAAAAAAAAAAAAAAAAAAAAAAAAAAAAAAAAAAAAAAAAAAAAAAAAAAAAAAAAAAAAAAAAAAAAAAAAAAAAAAAAAAAAAAAAAAAAAAAAAAAAAAAAAAAAAAAAAAAAAAAAAAAAAAAAAAAAAAAAAAAAAAAAAAAAAAAAAAAAAAAAAAAAAAAAAAAAAAAAAAAAAAAAAAAAAAAAAAAAAAAAAAAAAAAAAAAAAAAAAAAAAAAAAAAAAAAAAAAAAAAAAAAAAAAAAAAAAAAAAAH/8QALRAAAQQCAAMHBAIDAAAAAAAAAwIEBQYAARESNgcTFRYwNDUQFCEzIlBAkKD/2gAIAQEAAQUC/wB9w49+TRWL4Ov66JYlkX0VDsY0alJTmt63qcgGckNyEjc/rVdCST54uPOJ4LuHf+X2biTxnHBGkScxTkjn7tgZnKMztb3puqWZtXDw7OlmUlVLacstVnzJGNwlOZjTDrQulN+ExWn8ejGjY7s7OllUldKByzNffRqan1FkxVja3rW1bYVaVcpk6sVjHMaiV0zsMMuHVkFXXMoCwwS4gcXGu5IzalJ5S0ptvTyqygTtKVvguls+EhUHwEkQoa/T7P3qASCk6UmQqDA6nlRkw47ZumisqcaiPipeTaxYG1xYEKhSVovMaho9o8YltHzEo2i27e6NlGGtJB3KNTHydPjUsYubl2sUFpc2pDfwKNEbqNu2TUiw8NpUOhu0ItA02iRjzQcD8J2kfsyodOdo2uIYVgOOjrDYARK4m2hdOssE4CI0yuYyH1+cvrYW3zxoRsr0k72lUZb3QUtbVEGxq5bukmGMw7PBoYSOXo6iz2UQ6jQV9HpcC1HoTaxwC5d35JVkO0Uxjr8DRWKdaSm8GUWw5pwfWqsQhLFkgjvJtCdIRfXhCSuQPwnaR+zKh05c9czvLn1JrfDeXzfGfyL+NvnvFa0pL6O2j0q3X0S7SYqn2MdgSlCSqPzSERcta+wy8BUOwZQQqFBX0mkQLUmjNrZNP4p35xlcTbpdWSU+/eo1vW9XkKh2DNDXvVVSpNixx1Hl26kyv74wfaR+zKj07cPfZcupfpfOoMi/i757z6Si2yzehSJNDJ+rWlJf05mYgKUjS2LULNtcZFBpPJuJaywG9KEkwRoCK+SKXL6jyaXMdMRjaUbapKeeKYN41pd5NL1/TpND6MnIhtKhFSR6I2CJq2JKIkLpjjqPLt1JlEkEHjJ2KDLNQUrffAEgAbG/Q7tWXLqX6XzqDIr4y+e8MVAkPny3Hpw9nfMECujHeiXNhrUnbXzlLPfF9knZXEbOpucdyy9uMceNzFbmYXMqUqujPhMWd8+RjRydodldF6Su6NOWasj6RQIixFDdTaGRxzSPnfeTT7xKSxq4M1OyuZEp3dGfCVtj10NoXuHfnfWTL3xGSzzvrJ6R8UkMiLWZk0np7xQrg5Dr9dj73Lh+bH/XiXsZV3GUUgpFlJ/wHf/EACURAAICAgECBgMAAAAAAAAAAAABAhEDIRIEMAUQIDFBYXCA0f/aAAgBAwEBPwH8+JWcRrsJX317FDZxKRRSGiikyJRSGtCK2aKRSJZIKfBvfq2ch7JET5NFol5RIjH7EfJkiJ406yxPDetyZXwkr+/76UzQ2M0izQ2JlpCYmMTLSExjZE63oX1OVP4MWKGKPGC7Df6Hf//EACYRAAICAAUDBAMAAAAAAAAAAAABAhEEEiExQSAiMAMFEBMzcID/2gAIAQIBAT8B/fjlRmE78DlXne5aEhyLaLLbFIbLaJCkZmJ6kmZtDUtltEYycc3HU6MotGRJHArKZHf4kSFsLckcC2I7kz2z8bMZhoQ7o9LidwkIpsrQpoSGimxxGhDTKbGhEUSRhsT9Hptck5ym7l4Iqv4O/8QARxAAAgEDAAUGCQoDBgcAAAAAAQIDAAQREBITMUEhIlFhccEUIzJScpGhsbIFMDM1QmJzgdHhgqPCNEBDUGN0ZIOQkpOgov/aAAgBAQAGPwL/AK92Y7K5cfdiJrWls7iMdLRkf5elrDvbefNHTQ2EIMnGRvKNc5gO2simYIsNxwkUe+nglXVdDgj5+0R1DKW5QRnhRjeygwehADU0IOdm5X1H++Xk32hqqPbVzcRDLonJRkmkaRzvLHNCW2mZeleB7aimNzChdA2qZByUk8Ekb7SPnarZ5RQgtojJIeArWu7xUPmoufbXNvJ89goywkXUY36ow3q0LDChd23AVrXl0sR8xBre2ubfSg9aA0ZRi4hG9k3j8tAgtozJI3AVrXd2sZ81Fz7a5l9ID1pmtowE0Pnpw7atPSPu0Xl/4XHq8+XV1fzoBRkmgzoluv8AqHl9VS3b3iPsx5ITfUNyL1F2qB8am7NQhpxLtc7lxu0G42qwxZwCRnNRM1wsu0JHIuMVsrWPWx5THctZub456I0rxV7Kp+8oNLHEizq55HXh29FZur3B6I1765l5OD1gGi9tKlyBw8lqKOpVhyEHePnJbVzjwgDV7RRVhkHeKL28j2zHgOctZh2VwPunB9tYubeSL0lxnRGSvjpgHkPdQluWPL5KrvagssE0Sn7W+g6EMrDII40t3CurHPvA4NQvXXx04yOpa2twSdbkVF3tQWa0kjTzg2aV0IZGGQemtaEYhnGso6DxFJMy+PnGux6uAoNPlnbyEXeaC3FrJCp+0G1sVwdHHaCKto4/oZDrx9XIeTRew+G2+02LrqbQZzjdSfKEyZnlGUz9haLyMFUcScVdRRXtvJIQMKsgJPLVj+Anuqy7H7tFp2H4jVkBv127qjtkAyBlz0txoQiMzTkZ1c4wOukt7m32GucK4bIz16FVkMsz8oQHHJQS6tNkhPlq+caLFwuq82srkccYx7653KvBvmwVJBG40I72IXAH2xyNXOleA9EifpWtbzxyj7jZoxyorod6sMg1AYP7NcPjHmno0PETzYVVR6s9+gIx+hkKDs399a3mSqe7vqKIbkQLSS+GbJUTVC7PPfX1kP8Aw/vUVo8u1MYxrYxVo3HwgJ6x+1ADcKlU7olVR6s9+jAnkA9KrPXdm5x3nPA6LhPOuWH/ANUEUYVRgV4JrHZQqOb1njosfwE91WXY/dotOw/Ea+SVPG57xouv4fhFZGg9Ua6LU/6K+6vkr03/AKaKsMg0ZIOVfN4j5qSY3ZiKPq41M8Klu47szGPl1dnjk9egSQyNG43MpwaWa4+kVihbzuurbO/wpMaJXI5JVVh6sd2jXP8Aiylh7B3Vq+fKo7+6opRudA1RLbpCYpEzl1O/Pb2V9Fa/9h/WubBbH/ln9aiju4YkRJRJzUI3Vkbqlc7pVVh6sd2jIRiOyrPWUjnHf2HRJ/uz8ei57E+EaLL8BfdVj2P3aLTPmn3mvkcf8T3rou/4fhGlvw10Wv4Ke6vkr03/AKdPiRzvtEbj8y0EzasVxgZ6G4UVYZB3ii9rO9vn7ONYVma/Zl6Fjx30ltbrqxpuq0+T4mzspQ0npdGgJPlXXyHXeKzPfM8fmrHgn20sUShUQYUDhSWcRylv5XpULJ28dBu61rY3GeQ5VhvWvrE6vRseX30La3B1d5J3k9NLBC2tFb5GeluNJCzePgGqw6RwNBJsq6+Q67xWZflBmToWPB99JDEAkca4HVVoY2zBE2oh6evRJ/uz8ei57E+EaPA2PjYOHStbGVijKco44UNvfDZ/dTlNJDGuqiDVUVZQRHKW8qrn72sM6Lv+H4Rpb8NdFr+Cnur5K9N/6a15GwK1V5sfR0/NiKQC5hG4NvH51421uFP3cGuZbXRPXgd9GO1QWqniDlvXUJO/aD36Lm2eJZoFI1RuI5ornW90D6I/WjFYxGAH/EJ535dGhZoXKOu5hQW9tRIfPjOPZXNs5yesgUYogLaI7wp5T+ehZ7eQxyLuIoLeWmufOjbHsrmWc5PWQKMIxBAd6Jx7TSyxkq6HKnoNAS2KO3EiTHdTXepvl2mrnrzX1b/O/apLzZ7LXxzdbPDGhZ7eQxyLuIrVvLQOfOjbHsrm2c+esijFbILVDvIOW9dRT41tm4fHTg19W/zv2qW82ez2mObnOMDGj6t/nftRu9jssqBq62dCW01sJxGMI2vqnFWsgtdl4OSfLznOOrqrWkb9v7hB+Ivv0XeOlfhH+YLIN6nNECO1Q9IQ/rTSSMWdjlieP/oH/wD/xAArEAEAAQIEBgIDAAMBAQAAAAABEQAhMUFRYRBxgZGh8LHRMMHhIEBQkKD/2gAIAQEAAT8h/wDe3HKt12DfFRlTEd5P+fH8XHwHGhwEwQ9TLpV/m9UVIARzKjpmYyXbmeaf0vvj87Q8wwb6ineFEckuUDoB3WQn/cQ8IHaDJ+DtUrZ3PDhPTHpVy/KipXSMyPLGdJ00CLSYxyoh6Myuky2jtWEa3I3dDegPoypKswNax2q/btMBr/M8EQ/B5Vokxakc7D5pPPMD9ViHyBh3+k8MJzh+djegqRj8qSn83yHyU+NdfsZfG9e218LchjkxeFMURAF1aVIrkx2JTrFR5AV2JDGd6AiiNtiYxqMPkYCz74BSWLkzGDSoF7BgEb71NXsDnPrURYN7A6v1XMjAfEVE4YmDq0QR5k/y+qVzC+irThd8DbzST/h4TT8gFzKLr26i9qLiKEJErIlYeBv5qaXJnhrPNSSbhMORz4AE1o3LdB5mr9Jg0ttSlkjCTnF+00akCkgc6M1LiWHHvjzmi9M4S+WHPHtRZwsUbb7pMPYiR3SCgyiFcDnV23CFpv6daOhDWXF+jzV1bfKdikitFo3JBblNfZiXyUDqJ2DJ0PjgvrO3yycZyo4VsWJhG7jOnWsUjkYURaawB0a91pr32vDbXiCJQB0paUI87F7lVkSri1lenYsrxmBYRz4HZzuwXL+U0mK8jILUgSMjR3EirhfuVYifA9t+NYjSDCOtW/LSd/J8VDjXMfMitW7oQ7UIlYA6CgqQhxXieTMoAIMKcxBOVw+CdkybYD9KYMuT5oBOARsEVi78cWVXBt24azeazYlS0uGFZQIHZp+FCGAQG1INJHtD5LgGNLAOApDdIpuCYNv3NVHuANAq10hdZKfBDh7rTXvteP4ISwDwUs62iVsMglx4MNmyPPBKxlbvTXqNanjtEajy476J/FJAbOFBHE1e1RMSLGSJ6MenDHaSAVexghFkft4pLQh19+DPPEb5LgoGOj4/Ypg25PmhC5BOyDV1akDG4sMuCWNIuy0HQSUplqutEmFXGgaZ76PlwTZDBE1d0YoR/lWAiSaPYUWTL9vCUjRcqZrk8DzOP9Npw9tpr1GvCsXcKnXuR/fwg+FJwL4Mp2o8BoQslYgFSj8rid6GZtDfdXxUHGQMXm70RgvxtcBzBPfgYky+pTagBE37iSo7rMKBlV/LJjZeJ0w5rRYo4DjlvTDtUTw5zm31V0XnyHOoiwcS1Teg7Cgtm+BAd6tBu5uP6Lc6T2dc05bm1FJGuVusvioYpDQUJtbLNGeptyP8rAQMsruRkekx2oDEBMr5Zm1FRBbkRaXbeaKkKDIKIa3DCXgwHM4eZx/ptOHrtNeo1qnAfmlmfvOb6/HYuStC0PvNAdXEPylcmaJfKrZnn+TdCd6ZYqdXk4XY7JfpjmX/ALTZaFFKj+eGVHktzXpVZVVxaWH8thKBosZN6rfFG5ahfLVl76SWjp5Rw/gXx7m1EzDG8dX3R+SZn7oFMUCp8nKxRKQlxBkaDCS7F6SrBlPzlqa2NeWUGRgYoNOF7DHrubUNCsbz1fdY4dAT5oNDxI52R0J3qf8APZFgxW5rMPsqOK2nDc1hIOQTnMHA6/CQBgNmYq8hgnxxFJPlyMuT/Q9Vo4IWpsf9AIURkcJGmjgtOm92UhRTV05//Af/AP/aAAwDAQACAAMAAAAQ/wD/AP8A/wD/AP8A/wD/AP8A/wD/AP8A/wD/AP8A/wD/AP8A/wD/AP8A/wD/AP8A/wD/AP8A/wD/AP8A/wD/AP8A/wD/AP8A/wD/AP8A/wD/AP8A/wD/AP8A/wD/AP8A/wD/AP8A/wD/AP8A/wD/AP8A/wD/AP8A/wD/AP8A/wD/AP8A/wD/AP8A/wD/AP8A/wD/AP8A/wD/AP8A/wD/AP8A/wD/AP8A/wD/AP8A/wD/AP8A/wD/AP8A/wD/AP8A/wD/AP8A/wD/AP8A/wD/AP8A/wD/AP8A/wD/AP8A/wD/AP8A/wD/AP8A/wD/AP8A/wD/AP8A/wD/AP8A/wD/AP8A/wD/AP8A/wD/AP8A/wD/AP8A/wD/AP8A/wD/AP8A/wD/AP8A/wD/AP8A/wD/AP8A/wD/AP8A/wD/AP8A/wD/AP8A/wD/AP8A/wD/AP8A/wD/AP8A/wD/AP8A/wD/AP8A/wD/AP8A/wD/AP8A/wD/AP8A/wD/AP8Ayb1//wD/AP8A/wD8vf8A/wD/AP8A/wD/AP8A/wD/AP61PN8Ooe/y9JFwPks6EMf/AP8A/wDzDkzKYNc2PVl9RKVJ6Olcf/8A/wDfqsoAoJXRqycWd+YUg4F9/wD/AP8A/wD+af8A/wD/AP8A/wD/AP8A/wD/AP8A/wD/AP8A/wD/AP8A/wD/AP8A/wD/AP8A/wD/AP8A/wD/AP8A/wD/AP8A/wD/AP8A/wD/AP8A/wD/AP8A/wD/AP8A/wD/AP8A/wD/AP8A/wD/AP8A/wD/AP8A/wD/AP8A/wD/AP8A/wD/AP8A/wD/AP8A/wD/AP8A/wD/AP8A/wD/AP8A/wD/AP8A/wD/AP8A/wD/AP8A/wD/AP8A/wD/AP8A/wD/AP8A/wD/AP8A/wD/AP8A/wD/AP8A/wD/AP8A/wD/AP8A/wD/AP8A/wD/AP8A/wD/AP8A/wD/AP8A/wD/AP8A/wD/AP8A/wD/AP8A/wD/AP8A/wD/AP8A/wD/AP8A/wD/AP8A/wD/AP8A/wD/AP8A/wD/AP8A/wD/AP8A/wD/AP8A/wD/AP8A/wD/AP8A/wD/AP8A/wD/AP8A/wD/AP8A/wD/AP8A/wD/AP8A/wD/AP8A/wD/AP8A/wD/AP8A/wD/AP8A/wD/AP8A/wD/AP8A/wD/AP8A/wD/AP8A/8QAJBEBAAMBAAAFBAMAAAAAAAAAAQARMSEQIEFRcTBAcPCAkcH/2gAIAQMBAT8Q/Pix84h9wpZLSoCrZdkO6iOwzpA1bDBBVkbtESIHUNs7ir1EusEyCqiLD38wDpBwAuYmoQ99ihRMeGZ6prwdQ1mmZm2Mo2v9lu1P6fr18tfHwjVEQbBwh3cV7DSiClMMEE2EbNQaphgg9uahJyINiPaJ33+CCqgfvff6BOfwO//EACERAQEBAAMAAgEFAAAAAAAAAAEAESExQRAgMFFwcYDR/9oACAECAQE/EP38Kfxh/CB+eGs3ZFwvVPHY5RMuMq4XqluMgawjO4kDi4B9hfNtwSrmVk4d/ZJxk+TcLvdZnDxG2/El3uhdXx9Z6XR8XiAi/rA7Zvn+fXZ0+CnLBer1T1RwicdZR0vVNxkzmQwC1aT2p+AuBkg8yPUQBqeJ22v3ZVr/AEO//8QAKhABAAECBQQCAgMAAwAAAAAAAREAITFBUFFhECBxgZGhsfAwwfFA0eH/2gAIAQEAAT8Q1E1I1I1I1I1I1I1I1I1I1I1I1I1I1I1I1I1I1I1I7gUBJbAUUWiRkPJRSFpBRygaUdsuLJy3ho2MDNgzoxmE++bIsdoFGgWwRC8S0Su2EkfdITaF7cCBs1IZOSjZzZJDDmOI5n85RrQyFhEhvTyjpEBEiEMkac4vcQCvMf8AHO1LbOAoftpYc1PBEDMyUqMgJTl8rRstyIzGTAfnaGglStoJjKUxUCIWu4VTDbvS/hgJAMUbBmkKQUiV7JyQBOBOaVYXmv4A/dDEZAmxSWTyXEdJdXL8AGQXXAKCXgvhJEE4BzSsilpQ8Cvuo0+RwmK9w3UDNOiyaxhgxS2DNIFF7qV2TkgCcCc00IpaXvAn3WOsKYTYJyfO/k60Uyi5P8fMTFpo6HB1BgALq0LXxHY8KOBSN9WDAo7M2FL+NEAQkviaQ1rmvizKzPTh+rbMQJY2lcbb0G7eOxUsqaI0EFcZwXwmLBKyGhIbsQbh5fhSkyPLHhP7qDUyNq3EWwxuZTNqYcTDQ8KTVWZMGT4D8qB0Cpb+GV99ikpbSkMKEkTnvO2ygKgWRfn5NBSJPEkCERsiWimbQsQXhgeCOxUf7vYU3i9BUDfUWobhHo9AgnMY5J8hojkzoQtcqcSgUIJuqB5ShC9DvbiVA8KBfooAkCYiMjU7UcZGLAsBbNlc2uRzxmFs0xHbT/6CABLBQAklMHlBLM5NSsQUgzhXYaSllYOEDmIzQIMEwSBmwoDIJlWHpCDpPMBCm52KbZsQGKJksBJK+hoEhIWYxCQGdziv6tAHwg+yh+k7eFS8CGdk9Ai6EPMNZFkzWJ2lGaBwP2AtiBh0li3VYKUyO/BUBFsLbs2tCACLtuXp+xVXVQAo14oFyErnexsAohq0BxQgoWGAMMYtNwCFFIAoVti5gv0ZesWAMTxgshAqraiuEcVJiXZGaM8NCTAERkTJGj9wEBFO6RS5QZFRWQQWzw7uHuO0Eg2QDIEuI4NGgoFmFpsV9JzaKscEBPovKlQ1j6HMmHhqGtZIbKIaQ7G1ThK3UNy+JlKTAAQBgFJwZNSwjdYeuiyGQpbG8ExwVO6c8xZPqg8BiwBg+CjmCWAnMcwREV/2tIfgUk4iUEExZVHyMxB+RUAFYbABAHqnP5Dwm9IdgQbAQADYKEHo3AZIlt0iPCHZH/dBYJfAAB6Ci8dYomlGbAThli921pFk0GTsg9DtRCORNB80myYDERkejwoG7CKPleiskKsVVXpaHrUHInI1FjtwHGz789p2on8GnclilCIpNFXhIJyKIKrYdCKulMOEZougUCAUQLDEGM1RaydOMksel6HyLuSDb9EhcTa0kL81REjPNST6pHI8sEY/DT/YCUgEggSiM+kxuIMKcPqrWhDOMEmSFaKB2oK4kSJQoWQxBsPl6BMLijFrIVngwMokiTp+x3diFXJD2hP2VYFkQ5Sf9vQXRQh2WH4aMhuIcBP561jp+x3dsG0QUgXVwCroAWWCcGbw++w7Ze6HhlkrgCHe+xSm7klBCI2RKn+1RFORQOFUMmt2JwSfKgY3RqSqo3UqrUsNgQUiMxL1xHooRoBMxJchIJXqGphOhibLh5g+KDAEEBQDwFATVe0EckT0OVFtS6xNre+YYHOhM3HhFhUkIllEPkEAb4EA4MCeY9UxQ7ouAqAKALEARV3+QTRITEAO9tmhY4SSIPcQJ2XxKVo8GkhMGyQSvSUWLSLTaYlA4qn2Firi5q44tAYHDYs+FBuL0/Y7uxCDkaJuce4k4w8qhtfamQym4YyMr2ose18JwMDd48KwTw5GAPgpRLyyngJyXJ1rHT9ju6MXLjE9G1nY0cVsGK1x1O2d2f8Ajz2ncIxAWrAQsGQIZQUwbcKfP4dLXLUveT8FG1lVw4MICW8DKjZ12lVZVc+kO/Yj0AIkiYSeBQ6Hrztwo/FPvwbmWYXHktob0zcEpdVzavP+7WHsSyNks0DGgF5CDJzhHFNXmWHkT6o8hKl1lQeglnJ0YBcovDihsmaEc6DDQe2EknwDilDCLfMgr6qwU/YSPccBMxrCNkwAHIk0N/gse44Z807MjV8FMNzEx6r/AF9ZJmivs9Juw6KY+WhMkRshZRDnRjKCUckEl4BxRG5CkLyL8U6WDLAEGCVBiksvsYoYmImGv8PWAjan4RZTfh0/w9TMGXWIpyE7dH8JQBRZcFhItvRxVLAtOJLDzxpjhENi2GXcfyEhgiYl7hp6TRj+KXVSqgIMMxJvTbJCx9hMeRqb/wDGalTuroxqRqRqRqRqRqRqRqRqRqRqRqRqRqRqRqRqRqRqRqRX/9k="
                />
              </defs>
            </svg>
            <span>
              Spectrum 
            </span>
          </a>
          <a
            class="sc-3pzwbd-0 lbDtNj"
            href="//twitter.com/devprtcl"
          >
            <svg
              fill="none"
              height="38"
              viewBox="0 0 35 38"
              width="35"
              xmlns="http://www.w3.org/2000/svg"
            >
              <rect
                fill="#03A9F4"
                height="22"
                width="27"
                x="3"
                y="5"
              />
              <path
                d="M4.085 33.5603H26.6617L25.5835 30.0691C25.7434 30.2084 34.8333 38 34.8333 38V3.91875C34.7257 1.80025 32.9017 0 30.6407 0L4.09292 0.00475C1.8335 0.00475 0 1.80817 0 3.92667V29.64C0 31.8741 1.83033 33.5603 4.085 33.5603ZM20.786 8.99808L20.7337 9.01708L20.7527 8.99808H20.786ZM8.70358 11.0073C11.6058 8.89517 14.2959 8.9965 14.2959 8.9965L14.5128 9.21025C10.9614 10.0573 9.35117 11.6438 9.35117 11.6438C9.51583 11.609 16.6867 7.47175 25.3761 11.7483C25.3761 11.7483 23.7627 10.2647 20.4297 9.31475L20.7242 9.025C21.185 9.02658 23.6233 9.11208 26.2327 11.02C26.2327 11.02 29.1523 16.0075 29.1523 22.135C29.0557 22.0178 27.341 24.7728 22.9282 24.8678C22.9282 24.8678 22.1809 24.0223 21.6489 23.2845C24.2297 22.5435 25.1956 21.0615 25.1956 21.0615C20.1717 24.225 15.7684 23.731 10.5007 21.5935C10.4516 21.5935 10.4294 21.5713 10.4041 21.546V21.5365C10.3787 21.5127 10.3566 21.489 10.3075 21.489H10.2125C9.8895 21.2768 9.67417 21.1723 9.67417 21.1723C9.67417 21.1723 10.6384 22.6543 13.1163 23.3953C12.4656 24.1379 11.8212 24.9818 11.8212 24.9818C7.41 24.8773 5.80133 22.1223 5.80133 22.1223C5.80133 15.9853 8.70358 11.0073 8.70358 11.0073Z"
                fill="#03A9F4"
              />
              <path
                d="M21.0698 20.2208C22.1956 20.2208 23.1123 19.2708 23.1123 18.0991C23.1123 16.9354 22.2003 15.9854 21.0698 15.9854V15.9901C19.9488 15.9901 19.0305 16.9369 19.0273 18.1086C19.0273 19.2708 19.9441 20.2208 21.0698 20.2208Z"
                fill="#03A9F4"
              />
              <path
                d="M13.7612 20.2208C14.887 20.2208 15.8037 19.2708 15.8037 18.0991C15.8037 16.9354 14.8933 15.9854 13.7676 15.9854L13.7612 15.9901C12.6355 15.9901 11.7188 16.9369 11.7188 18.1086C11.7188 19.2708 12.6355 20.2208 13.7612 20.2208Z"
                fill="#03A9F4"
              />
              <path
                d="M30 10.1309C29.1075 10.4923 28.1565 10.7318 27.165 10.8482C28.185 10.286 28.9635 9.40262 29.3295 8.33785C28.3785 8.86123 27.3285 9.23092 26.2095 9.43723C25.3065 8.54969 24.0195 8 22.6155 8C19.8915 8 17.6985 10.0409 17.6985 12.5429C17.6985 12.9029 17.7315 13.2491 17.8125 13.5786C13.722 13.3945 10.1025 11.5848 7.671 8.828C7.2465 9.50785 6.9975 10.286 6.9975 11.1237C6.9975 12.6966 7.875 14.0909 9.183 14.8982C8.3925 14.8843 7.617 14.6725 6.96 14.3388C6.96 14.3526 6.96 14.3706 6.96 14.3886C6.96 16.5957 8.6655 18.4289 10.902 18.8512C10.5015 18.9523 10.065 19.0008 9.612 19.0008C9.297 19.0008 8.979 18.9842 8.6805 18.9232C9.318 20.7218 11.127 22.0442 13.278 22.0871C11.604 23.2958 9.4785 24.0242 7.1775 24.0242C6.774 24.0242 6.387 24.0075 6 23.9618C8.1795 25.2592 10.7625 26 13.548 26C22.602 26 27.552 19.0769 27.552 13.076C27.552 12.8752 27.5445 12.6814 27.534 12.4889C28.5105 11.8492 29.331 11.0503 30 10.1309Z"
                fill="white"
              />
            </svg>
            <span>
              Twitter 
            </span>
          </a>
        </div>
      </div>
      <div
        class="sc-1wzqvkc-0 bqVTXQ"
        style="margin: unset; text-align: center; max-width: unset; background: black; padding: 50px 0px;"
      >
        <svg
          viewBox="0 0 408 146"
          width="96"
        >
          <defs>
            <lineargradient
              gradientTransform="matrix(1 0 0 -1 0 148)"
              gradientUnits="userSpaceOnUse"
              id="Logo_svg__b"
              x2="405.98"
              y1="74.5"
              y2="74.5"
            >
              <stop
                offset="0"
                stop-color="#00ebff"
              />
              <stop
                offset="0.35"
                stop-color="#f200df"
              />
              <stop
                offset="1"
                stop-color="#ff4700"
              />
            </lineargradient>
            <clippath
              id="Logo_svg__a"
              transform="translate(0 -.5)"
            >
              <path
                d="M147.14 72.87c0 42.9-33.85 72.88-82.75 72.88H0V0h65.72c48.01 0 81.42 29.77 81.42 72.87zm-35.62.21c0-26.86-19.91-45.39-46.47-45.39H35v90.37h31.6c25.89 0 44.92-18.32 44.92-44.98zm145.15 34.36l19.47 16.66c-13.72 15.2-31.87 22.9-53.55 22.9-37.84 0-63.28-22.9-63.28-57 0-33.73 23.67-57 61.07-57.26 34.51-.21 57.3 19.57 58.63 51.64l-82.31 20.4C201.79 115.56 212 122 225 122c11.53 0 22.59-5 31.67-14.56zm-63.29-21.86l52.22-13.33c-3.76-10.83-11.95-15.83-23.45-15.83-16.82 0-27.66 10.21-28.77 29.16zm124.79-51.85l28.1 81.62 27.88-81.62H408l-44.92 112h-35L283 33.94z"
                fill="none"
              />
            </clippath>
          </defs>
          <g
            clip-path="url(#Logo_svg__a)"
          >
            <path
              d="M408 .5H0v146h408z"
              fill="url(#Logo_svg__b)"
              transform="translate(0 -.5)"
            />
          </g>
        </svg>
        <br />
        <div
          style="color: white; margin-bottom: 10px;"
        >
          Powered by Dev Protocol
        </div>
        <small
          class="sc-1fvy930-2 gOpqvM"
        >
          All emojis designed by 
          <a
            href="//openmoji.org/library/"
          >
            OpenMoji
          </a>
           – the open-source emoji and icon project. License: 
          <a
            href="//creativecommons.org/licenses/by-sa/4.0/"
          >
            CC BY-SA 4.0
          </a>
        </small>
      </div>
    </footer>
  </div>
</body>
`;
