// Jest Snapshot v1, https://goo.gl/fbAQLP

exports[`CancelStakingCard Snapshot 1`] = `
<body>
  <div>
    <div
      class="ant-card ant-card-bordered"
    >
      <div
        class="ant-card-body"
      >
        <div
          class="ant-row"
        >
          <div
            class="ant-col"
            style="display: flex; align-items: center; flex: 1 1 252px;"
          >
            <span
              class="sc-AxjAm ldzVrk"
            >
              Cancel Staking
            </span>
          </div>
          <div
            class="ant-col"
            style="flex: 1 1 252px;"
          >
            <div
              class="ant-space ant-space-horizontal ant-space-align-center"
            >
              <div
                class="ant-space-item"
                style="margin-right: 16px;"
              >
                <button
                  class="ant-btn ant-btn-primary ant-btn-lg"
                  disabled=""
                  type="button"
                >
                  <span>
                    Cancel
                  </span>
                </button>
              </div>
              <div
                class="ant-space-item"
                style="margin-right: 16px;"
              >
                <button
                  class="ant-btn ant-btn-primary ant-btn-lg"
                  type="button"
                >
                  <span>
                    Withdraw
                  </span>
                </button>
              </div>
              <div
                class="ant-space-item"
              >
                <div />
              </div>
            </div>
          </div>
        </div>
      </div>
    </div>
  </div>
</body>
`;
