// Jest Snapshot v1, https://goo.gl/fbAQLP

exports[`AuthForm Snapshot 1`] = `
<body>
  <div>
    <div
      class="bja7zw-0 bVsGvT"
    >
      <div
        class="bja7zw-1 cmaEXV"
      >
        <span>
          Associating Property:
        </span>
        <span>
          property
        </span>
      </div>
      <div
        class="bja7zw-1 cmaEXV"
      >
        <span>
          Arguments:
        </span>
        <form
          class="ant-form ant-form-horizontal"
          id="basic"
        >
          <button
            class="ant-btn ant-btn-primary"
            type="submit"
          >
            <span>
              Authenticate
            </span>
          </button>
        </form>
      </div>
    </div>
  </div>
</body>
`;
