// Jest Snapshot v1, https://goo.gl/fbAQLP

exports[`TransactForm Snapshot 1`] = `
<body>
  <div>
    <div
      class="sc-1d8aayd-1 hozPOf"
    >
      <span
        class="ant-input-group-wrapper ant-input-group-wrapper-lg ant-input-search ant-input-search-large sc-1d8aayd-0 fcsYkX"
      >
        <span
          class="ant-input-wrapper ant-input-group"
        >
          <span
            class="ant-input-affix-wrapper ant-input-affix-wrapper-lg"
          >
            <input
              class="ant-input ant-input-lg"
              type="number"
              value=""
            />
            <span
              class="ant-input-suffix"
            >
              <button
                class="ant-btn ant-btn-primary ant-btn-sm sc-1ttu0x8-0 pssBW"
                type="button"
              >
                <span>
                  Max
                </span>
              </button>
            </span>
          </span>
          <span
            class="ant-input-group-addon"
          >
            <button
              class="ant-btn ant-btn-lg ant-btn-icon-only ant-input-search-button"
              type="button"
            >
              <span
                aria-label="search"
                class="anticon anticon-search"
                role="img"
              >
                <svg
                  aria-hidden="true"
                  class=""
                  data-icon="search"
                  fill="currentColor"
                  focusable="false"
                  height="1em"
                  viewBox="64 64 896 896"
                  width="1em"
                >
                  <path
                    d="M909.6 854.5L649.9 594.8C690.2 542.7 712 479 712 412c0-80.2-31.3-155.4-87.9-212.1-56.6-56.7-132-87.9-212.1-87.9s-155.5 31.3-212.1 87.9C143.2 256.5 112 331.8 112 412c0 80.1 31.3 155.5 87.9 212.1C256.5 680.8 331.8 712 412 712c67 0 130.6-21.8 182.7-62l259.7 259.6a8.2 8.2 0 0011.6 0l43.6-43.5a8.2 8.2 0 000-11.6zM570.4 570.4C528 612.7 471.8 636 412 636s-116-23.3-158.4-65.6C211.3 528 188 471.8 188 412s23.3-116.1 65.6-158.4C296 211.3 352.2 188 412 188s116.1 23.2 158.4 65.6S636 352.2 636 412s-23.3 116.1-65.6 158.4z"
                  />
                </svg>
              </span>
            </button>
          </span>
        </span>
      </span>
      <div
        class="ant-card ant-card-bordered sc-1d8aayd-2 cnjKQM"
      >
        <div
          class="ant-card-head"
        >
          <div
            class="ant-card-head-wrapper"
          >
            <div
              class="ant-card-head-title"
            >
              Test
            </div>
          </div>
        </div>
        <div
          class="ant-card-body"
        >
          test
        </div>
      </div>
    </div>
  </div>
</body>
`;
