// Jest Snapshot v1, https://goo.gl/fbAQLP

exports[`UserProfile Snapshot 1`] = `
<body>
  <div>
    <div
      class="sc-1wzqvkc-0 byYDMh"
    >
      <section
        class="sc-4avdzt-0 jbRCmr"
      >
        <div
          class="sc-4avdzt-1 jGXkIY"
        >
          Your Address
        </div>
        <div
          class="sc-4avdzt-2 daxNIz"
        >
          -
        </div>
      </section>
      <section
        class="sc-4avdzt-0 jbRCmr"
      >
        <div
          class="sc-4avdzt-1 jGXkIY"
        >
          Display name
        </div>
        <div
          class="sc-4avdzt-2 daxNIz"
        >
          (Not set)
        </div>
      </section>
      <section
        class="sc-4avdzt-0 jbRCmr"
      >
        <form
          class="ant-form ant-form-horizontal sc-4avdzt-3 jVvSPm"
        >
          <div
            class="ant-row ant-form-item"
          >
            <div
              class="ant-col ant-form-item-control"
            >
              <div
                class="ant-form-item-control-input"
              >
                <div
                  class="ant-form-item-control-input-content"
                >
                  <input
                    class="ant-input"
                    id="name"
                    placeholder="Enter the new display name"
                    type="text"
                    value=""
                  />
                </div>
              </div>
            </div>
          </div>
          <button
            class="ant-btn ant-btn-primary"
            type="submit"
          >
            <span>
              Save
            </span>
          </button>
        </form>
      </section>
    </div>
  </div>
</body>
`;
