// Jest Snapshot v1, https://goo.gl/fbAQLP

exports[`Countdown Snapshot 1`] = `
<body>
  <div>
    <div
      class="ant-statistic"
    >
      <div
        class="ant-statistic-title"
      >
        Program duration
      </div>
      <div
        class="ant-statistic-content"
      >
        <span
          class="ant-statistic-content-value"
        >
          0 day(s) 00:00:00 left
        </span>
      </div>
    </div>
  </div>
</body>
`;
